DEBUG API_BOOKING: {rowId: test-addon-toggle, date: 2026/07/27, startTimeString: 2026/07/27 12:00:00, startTime: 12:00, originalName: Test Addon}
DEBUG isWithin: test-addon-toggle 2026/07/27 12:00:00 2026-07-27 => true
DEBUG BOOKINGS: [Object]
"test-addon-toggle"
{
  "rowId": "test-addon-toggle",
  "date": "2026/07/27",
  "startTimeString": "2026/07/27 12:00:00",
  "startTime": "12:00",
  "originalName": "Test Addon",
  "customerName": "Test Addon",
  "serviceName": "Test Service",
  "cleanServiceName": "Test Service",
  "serviceCode": "T1",
  "category": "SINGLE",
  "duration": 60,
  "status": "等待中",
  "resourceId": "CHAIR-1-1",
  "allocated_resource": "CHAIR-1-1",
  "location": "CHAIR-1-1",
  "current_resource_id": "CHAIR-1-1",
  "staffId": "隨機",
  "pax": 1
}
[
  {
    "rowId": "test-addon-toggle",
    "date": "2026/07/27",
    "startTimeString": "2026/07/27 12:00:00",
    "startTime": "12:00",
    "originalName": "Test Addon",
    "customerName": "Test Addon",
    "serviceName": "Test Service",
    "cleanServiceName": "Test Service",
    "serviceCode": "T1",
    "category": "SINGLE",
    "duration": 60,
    "status": "等待中",
    "resourceId": "CHAIR-1-1",
    "allocated_resource": "CHAIR-1-1",
    "location": "CHAIR-1-1",
    "current_resource_id": "CHAIR-1-1",
    "staffId": "隨機",
    "pax": 1,
    "serviceStaff": "",
    "staffId2": "",
    "staffId3": "",
    "staffId4": "",
    "staffId5": "",
    "staffId6": "",
    "ServiceStaff": "",
    "technician": "",
    "requestedStaff": "",
    "id": "test-addon-toggle",
    "startTimeMins": 720,
    "displayStaff": "隨機",
    "isYouTui": false,
    "isGuaSha": false,
    "adminNote": "",
    "_needsAutoSyncDur": false,
    "price": 0,
    "phase1_duration": null,
    "phase2_duration": null,
    "flow": null,
    "phase1_res_idx": "CHAIR-1-1",
    "isManualLocked": false,
    "originalNote": "",
    "forceResourceType": null,
    "isForcedSingle": false,
    "isRunningStatus": false,
    "isDoneStatus": false,
    "storedLocation": "CHAIR-1-1",
    "standardDuration": 60,
    "isTimeAnomaly": false,
    "anomalyDiff": 0
  }
]
DEBUG API_BOOKING: {rowId: test-addon-toggle, date: 2026/07/27, startTimeString: 2026/07/27 12:00:00, startTime: 12:00, originalName: Test Addon}
DEBUG isWithin: test-addon-toggle 2026/07/27 12:00:00 2026-07-27 => true
DEBUG BOOKINGS: [Object]
"test-addon-toggle"
{
  "rowId": "test-addon-toggle",
  "date": "2026/07/27",
  "startTimeString": "2026/07/27 12:00:00",
  "startTime": "12:00",
  "originalName": "Test Addon",
  "customerName": "Test Addon",
  "serviceName": "Test Service",
  "cleanServiceName": "Test Service",
  "serviceCode": "T1",
  "category": "SINGLE",
  "duration": 60,
  "status": "等待中",
  "resourceId": "CHAIR-1-1",
  "allocated_resource": "CHAIR-1-1",
  "location": "CHAIR-1-1",
  "current_resource_id": "CHAIR-1-1",
  "staffId": "隨機",
  "pax": 1
}
[
  {
    "rowId": "test-addon-toggle",
    "date": "2026/07/27",
    "startTimeString": "2026/07/27 12:00:00",
    "startTime": "12:00",
    "originalName": "Test Addon",
    "customerName": "Test Addon",
    "serviceName": "Test Service",
    "cleanServiceName": "Test Service",
    "serviceCode": "T1",
    "category": "SINGLE",
    "duration": 60,
    "status": "等待中",
    "resourceId": "CHAIR-1-1",
    "allocated_resource": "CHAIR-1-1",
    "location": "CHAIR-1-1",
    "current_resource_id": "CHAIR-1-1",
    "staffId": "隨機",
    "pax": 1,
    "serviceStaff": "",
    "staffId2": "",
    "staffId3": "",
    "staffId4": "",
    "staffId5": "",
    "staffId6": "",
    "ServiceStaff": "",
    "technician": "",
    "requestedStaff": "",
    "id": "test-addon-toggle",
    "startTimeMins": 720,
    "displayStaff": "隨機",
    "isYouTui": false,
    "isGuaSha": false,
    "adminNote": "",
    "_needsAutoSyncDur": false,
    "price": 0,
    "phase1_duration": null,
    "phase2_duration": null,
    "flow": null,
    "phase1_res_idx": "CHAIR-1-1",
    "isManualLocked": false,
    "originalNote": "",
    "forceResourceType": null,
    "isForcedSingle": false,
    "isRunningStatus": false,
    "isDoneStatus": false,
    "storedLocation": "CHAIR-1-1",
    "standardDuration": 60,
    "isTimeAnomaly": false,
    "anomalyDiff": 0
  }
]
DEBUG API_BOOKING: {rowId: test-addon-toggle, date: 2026/07/27, startTimeString: 2026/07/27 12:00:00, startTime: 12:00, originalName: Test Addon}
DEBUG isWithin: test-addon-toggle 2026/07/27 12:00:00 2026-07-27 => true
DEBUG BOOKINGS: [Object]
"test-addon-toggle"
{
  "rowId": "test-addon-toggle",
  "date": "2026/07/27",
  "startTimeString": "2026/07/27 12:00:00",
  "startTime": "12:00",
  "originalName": "Test Addon",
  "customerName": "Test Addon",
  "serviceName": "Test Service",
  "cleanServiceName": "Test Service",
  "serviceCode": "T1",
  "category": "SINGLE",
  "duration": 60,
  "status": "等待中",
  "resourceId": "CHAIR-1-1",
  "allocated_resource": "CHAIR-1-1",
  "location": "CHAIR-1-1",
  "current_resource_id": "CHAIR-1-1",
  "staffId": "隨機",
  "pax": 1
}
[
  {
    "rowId": "test-addon-toggle",
    "date": "2026/07/27",
    "startTimeString": "2026/07/27 12:00:00",
    "startTime": "12:00",
    "originalName": "Test Addon",
    "customerName": "Test Addon",
    "serviceName": "Test Service",
    "cleanServiceName": "Test Service",
    "serviceCode": "T1",
    "category": "SINGLE",
    "duration": 60,
    "status": "等待中",
    "resourceId": "CHAIR-1-1",
    "allocated_resource": "CHAIR-1-1",
    "location": "CHAIR-1-1",
    "current_resource_id": "CHAIR-1-1",
    "staffId": "隨機",
    "pax": 1,
    "serviceStaff": "",
    "staffId2": "",
    "staffId3": "",
    "staffId4": "",
    "staffId5": "",
    "staffId6": "",
    "ServiceStaff": "",
    "technician": "",
    "requestedStaff": "",
    "id": "test-addon-toggle",
    "startTimeMins": 720,
    "displayStaff": "隨機",
    "isYouTui": false,
    "isGuaSha": false,
    "adminNote": "",
    "_needsAutoSyncDur": false,
    "price": 0,
    "phase1_duration": null,
    "phase2_duration": null,
    "flow": null,
    "phase1_res_idx": "CHAIR-1-1",
    "isManualLocked": false,
    "originalNote": "",
    "forceResourceType": null,
    "isForcedSingle": false,
    "isRunningStatus": false,
    "isDoneStatus": false,
    "storedLocation": "CHAIR-1-1",
    "standardDuration": 60,
    "isTimeAnomaly": false,
    "anomalyDiff": 0
  }
]
DEBUG API_BOOKING: {rowId: test-addon-toggle, date: 2026/07/27, startTimeString: 2026/07/27 12:00:00, startTime: 12:00, originalName: Test Addon}
DEBUG isWithin: test-addon-toggle 2026/07/27 12:00:00 2026-07-27 => true
DEBUG BOOKINGS: [Object]
"test-addon-toggle"
{
  "rowId": "test-addon-toggle",
  "date": "2026/07/27",
  "startTimeString": "2026/07/27 12:00:00",
  "startTime": "12:00",
  "originalName": "Test Addon",
  "customerName": "Test Addon",
  "serviceName": "Test Service",
  "cleanServiceName": "Test Service",
  "serviceCode": "T1",
  "category": "SINGLE",
  "duration": 60,
  "status": "等待中",
  "resourceId": "CHAIR-1-1",
  "allocated_resource": "CHAIR-1-1",
  "location": "CHAIR-1-1",
  "current_resource_id": "CHAIR-1-1",
  "staffId": "隨機",
  "pax": 1
}
[
  {
    "rowId": "test-addon-toggle",
    "date": "2026/07/27",
    "startTimeString": "2026/07/27 12:00:00",
    "startTime": "12:00",
    "originalName": "Test Addon",
    "customerName": "Test Addon",
    "serviceName": "Test Service",
    "cleanServiceName": "Test Service",
    "serviceCode": "T1",
    "category": "SINGLE",
    "duration": 60,
    "status": "等待中",
    "resourceId": "CHAIR-1-1",
    "allocated_resource": "CHAIR-1-1",
    "location": "CHAIR-1-1",
    "current_resource_id": "CHAIR-1-1",
    "staffId": "隨機",
    "pax": 1,
    "serviceStaff": "",
    "staffId2": "",
    "staffId3": "",
    "staffId4": "",
    "staffId5": "",
    "staffId6": "",
    "ServiceStaff": "",
    "technician": "",
    "requestedStaff": "",
    "id": "test-addon-toggle",
    "startTimeMins": 720,
    "displayStaff": "隨機",
    "isYouTui": false,
    "isGuaSha": false,
    "adminNote": "",
    "_needsAutoSyncDur": false,
    "price": 0,
    "phase1_duration": null,
    "phase2_duration": null,
    "flow": null,
    "phase1_res_idx": "CHAIR-1-1",
    "isManualLocked": false,
    "originalNote": "",
    "forceResourceType": null,
    "isForcedSingle": false,
    "isRunningStatus": false,
    "isDoneStatus": false,
    "storedLocation": "CHAIR-1-1",
    "standardDuration": 60,
    "isTimeAnomaly": false,
    "anomalyDiff": 0
  }
]
DEBUG API_BOOKING: {rowId: test-addon-toggle, date: 2026/07/27, startTimeString: 2026/07/27 12:00:00, startTime: 12:00, originalName: Test Addon}
DEBUG isWithin: test-addon-toggle 2026/07/27 12:00:00 2026-07-27 => true
DEBUG BOOKINGS: [Object]
"test-addon-toggle"
{
  "rowId": "test-addon-toggle",
  "date": "2026/07/27",
  "startTimeString": "2026/07/27 12:00:00",
  "startTime": "12:00",
  "originalName": "Test Addon",
  "customerName": "Test Addon",
  "serviceName": "Test Service",
  "cleanServiceName": "Test Service",
  "serviceCode": "T1",
  "category": "SINGLE",
  "duration": 60,
  "status": "等待中",
  "resourceId": "CHAIR-1-1",
  "allocated_resource": "CHAIR-1-1",
  "location": "CHAIR-1-1",
  "current_resource_id": "CHAIR-1-1",
  "staffId": "隨機",
  "pax": 1
}
[
  {
    "rowId": "test-addon-toggle",
    "date": "2026/07/27",
    "startTimeString": "2026/07/27 12:00:00",
    "startTime": "12:00",
    "originalName": "Test Addon",
    "customerName": "Test Addon",
    "serviceName": "Test Service",
    "cleanServiceName": "Test Service",
    "serviceCode": "T1",
    "category": "SINGLE",
    "duration": 60,
    "status": "等待中",
    "resourceId": "CHAIR-1-1",
    "allocated_resource": "CHAIR-1-1",
    "location": "CHAIR-1-1",
    "current_resource_id": "CHAIR-1-1",
    "staffId": "隨機",
    "pax": 1,
    "serviceStaff": "",
    "staffId2": "",
    "staffId3": "",
    "staffId4": "",
    "staffId5": "",
    "staffId6": "",
    "ServiceStaff": "",
    "technician": "",
    "requestedStaff": "",
    "id": "test-addon-toggle",
    "startTimeMins": 720,
    "displayStaff": "隨機",
    "isYouTui": false,
    "isGuaSha": false,
    "adminNote": "",
    "_needsAutoSyncDur": false,
    "price": 0,
    "phase1_duration": null,
    "phase2_duration": null,
    "flow": null,
    "phase1_res_idx": "CHAIR-1-1",
    "isManualLocked": false,
    "originalNote": "",
    "forceResourceType": null,
    "isForcedSingle": false,
    "isRunningStatus": false,
    "isDoneStatus": false,
    "storedLocation": "CHAIR-1-1",
    "standardDuration": 60,
    "isTimeAnomaly": false,
    "anomalyDiff": 0
  }
]
DEBUG API_BOOKING: {rowId: test-addon-toggle, date: 2026/07/27, startTimeString: 2026/07/27 12:00:00, startTime: 12:00, originalName: Test Addon}
DEBUG isWithin: test-addon-toggle 2026/07/27 12:00:00 2026-07-27 => true
DEBUG BOOKINGS: [Object]
"test-addon-toggle"
{
  "rowId": "test-addon-toggle",
  "date": "2026/07/27",
  "startTimeString": "2026/07/27 12:00:00",
  "startTime": "12:00",
  "originalName": "Test Addon",
  "customerName": "Test Addon",
  "serviceName": "Test Service",
  "cleanServiceName": "Test Service",
  "serviceCode": "T1",
  "category": "SINGLE",
  "duration": 60,
  "status": "等待中",
  "resourceId": "CHAIR-1-1",
  "allocated_resource": "CHAIR-1-1",
  "location": "CHAIR-1-1",
  "current_resource_id": "CHAIR-1-1",
  "staffId": "隨機",
  "pax": 1
}
[
  {
    "rowId": "test-addon-toggle",
    "date": "2026/07/27",
    "startTimeString": "2026/07/27 12:00:00",
    "startTime": "12:00",
    "originalName": "Test Addon",
    "customerName": "Test Addon",
    "serviceName": "Test Service",
    "cleanServiceName": "Test Service",
    "serviceCode": "T1",
    "category": "SINGLE",
    "duration": 60,
    "status": "等待中",
    "resourceId": "CHAIR-1-1",
    "allocated_resource": "CHAIR-1-1",
    "location": "CHAIR-1-1",
    "current_resource_id": "CHAIR-1-1",
    "staffId": "隨機",
    "pax": 1,
    "serviceStaff": "",
    "staffId2": "",
    "staffId3": "",
    "staffId4": "",
    "staffId5": "",
    "staffId6": "",
    "ServiceStaff": "",
    "technician": "",
    "requestedStaff": "",
    "id": "test-addon-toggle",
    "startTimeMins": 720,
    "displayStaff": "隨機",
    "isYouTui": false,
    "isGuaSha": false,
    "adminNote": "",
    "_needsAutoSyncDur": false,
    "price": 0,
    "phase1_duration": null,
    "phase2_duration": null,
    "flow": null,
    "phase1_res_idx": "CHAIR-1-1",
    "isManualLocked": false,
    "originalNote": "",
    "forceResourceType": null,
    "isForcedSingle": false,
    "isRunningStatus": false,
    "isDoneStatus": false,
    "storedLocation": "CHAIR-1-1",
    "standardDuration": 60,
    "isTimeAnomaly": false,
    "anomalyDiff": 0
  }
]
DEBUG API_BOOKING: {rowId: test-addon-toggle, date: 2026/07/27, startTimeString: 2026/07/27 12:00:00, startTime: 12:00, originalName: Test Addon}
DEBUG isWithin: test-addon-toggle 2026/07/27 12:00:00 2026-07-27 => true
DEBUG BOOKINGS: [Object]
"test-addon-toggle"
{
  "rowId": "test-addon-toggle",
  "date": "2026/07/27",
  "startTimeString": "2026/07/27 12:00:00",
  "startTime": "12:00",
  "originalName": "Test Addon",
  "customerName": "Test Addon",
  "serviceName": "Test Service",
  "cleanServiceName": "Test Service",
  "serviceCode": "T1",
  "category": "SINGLE",
  "duration": 60,
  "status": "等待中",
  "resourceId": "CHAIR-1-1",
  "allocated_resource": "CHAIR-1-1",
  "location": "CHAIR-1-1",
  "current_resource_id": "CHAIR-1-1",
  "staffId": "隨機",
  "pax": 1
}
[
  {
    "rowId": "test-addon-toggle",
    "date": "2026/07/27",
    "startTimeString": "2026/07/27 12:00:00",
    "startTime": "12:00",
    "originalName": "Test Addon",
    "customerName": "Test Addon",
    "serviceName": "Test Service",
    "cleanServiceName": "Test Service",
    "serviceCode": "T1",
    "category": "SINGLE",
    "duration": 60,
    "status": "等待中",
    "resourceId": "CHAIR-1-1",
    "allocated_resource": "CHAIR-1-1",
    "location": "CHAIR-1-1",
    "current_resource_id": "CHAIR-1-1",
    "staffId": "隨機",
    "pax": 1,
    "serviceStaff": "",
    "staffId2": "",
    "staffId3": "",
    "staffId4": "",
    "staffId5": "",
    "staffId6": "",
    "ServiceStaff": "",
    "technician": "",
    "requestedStaff": "",
    "id": "test-addon-toggle",
    "startTimeMins": 720,
    "displayStaff": "隨機",
    "isYouTui": false,
    "isGuaSha": false,
    "adminNote": "",
    "_needsAutoSyncDur": false,
    "price": 0,
    "phase1_duration": null,
    "phase2_duration": null,
    "flow": null,
    "phase1_res_idx": "CHAIR-1-1",
    "isManualLocked": false,
    "originalNote": "",
    "forceResourceType": null,
    "isForcedSingle": false,
    "isRunningStatus": false,
    "isDoneStatus": false,
    "storedLocation": "CHAIR-1-1",
    "standardDuration": 60,
    "isTimeAnomaly": false,
    "anomalyDiff": 0
  }
]
DEBUG API_BOOKING: {rowId: test-addon-toggle, date: 2026/07/27, startTimeString: 2026/07/27 12:00:00, startTime: 12:00, originalName: Test Addon}
DEBUG isWithin: test-addon-toggle 2026/07/27 12:00:00 2026-07-27 => true
DEBUG BOOKINGS: [Object]
"test-addon-toggle"
{
  "rowId": "test-addon-toggle",
  "date": "2026/07/27",
  "startTimeString": "2026/07/27 12:00:00",
  "startTime": "12:00",
  "originalName": "Test Addon",
  "customerName": "Test Addon",
  "serviceName": "Test Service",
  "cleanServiceName": "Test Service",
  "serviceCode": "T1",
  "category": "SINGLE",
  "duration": 60,
  "status": "等待中",
  "resourceId": "CHAIR-1-1",
  "allocated_resource": "CHAIR-1-1",
  "location": "CHAIR-1-1",
  "current_resource_id": "CHAIR-1-1",
  "staffId": "隨機",
  "pax": 1
}
[
  {
    "rowId": "test-addon-toggle",
    "date": "2026/07/27",
    "startTimeString": "2026/07/27 12:00:00",
    "startTime": "12:00",
    "originalName": "Test Addon",
    "customerName": "Test Addon",
    "serviceName": "Test Service",
    "cleanServiceName": "Test Service",
    "serviceCode": "T1",
    "category": "SINGLE",
    "duration": 60,
    "status": "等待中",
    "resourceId": "CHAIR-1-1",
    "allocated_resource": "CHAIR-1-1",
    "location": "CHAIR-1-1",
    "current_resource_id": "CHAIR-1-1",
    "staffId": "隨機",
    "pax": 1,
    "serviceStaff": "",
    "staffId2": "",
    "staffId3": "",
    "staffId4": "",
    "staffId5": "",
    "staffId6": "",
    "ServiceStaff": "",
    "technician": "",
    "requestedStaff": "",
    "id": "test-addon-toggle",
    "startTimeMins": 720,
    "displayStaff": "隨機",
    "isYouTui": false,
    "isGuaSha": false,
    "adminNote": "",
    "_needsAutoSyncDur": false,
    "price": 0,
    "phase1_duration": null,
    "phase2_duration": null,
    "flow": null,
    "phase1_res_idx": "CHAIR-1-1",
    "isManualLocked": false,
    "originalNote": "",
    "forceResourceType": null,
    "isForcedSingle": false,
    "isRunningStatus": false,
    "isDoneStatus": false,
    "storedLocation": "CHAIR-1-1",
    "standardDuration": 60,
    "isTimeAnomaly": false,
    "anomalyDiff": 0
  }
]
DEBUG API_BOOKING: {rowId: test-addon-toggle, date: 2026/07/27, startTimeString: 2026/07/27 12:00:00, startTime: 12:00, originalName: Test Addon}
DEBUG isWithin: test-addon-toggle 2026/07/27 12:00:00 2026-07-27 => true
DEBUG BOOKINGS: [Object]
"test-addon-toggle"
{
  "rowId": "test-addon-toggle",
  "date": "2026/07/27",
  "startTimeString": "2026/07/27 12:00:00",
  "startTime": "12:00",
  "originalName": "Test Addon",
  "customerName": "Test Addon",
  "serviceName": "Test Service",
  "cleanServiceName": "Test Service",
  "serviceCode": "T1",
  "category": "SINGLE",
  "duration": 60,
  "status": "等待中",
  "resourceId": "CHAIR-1-1",
  "allocated_resource": "CHAIR-1-1",
  "location": "CHAIR-1-1",
  "current_resource_id": "CHAIR-1-1",
  "staffId": "隨機",
  "pax": 1
}
[
  {
    "rowId": "test-addon-toggle",
    "date": "2026/07/27",
    "startTimeString": "2026/07/27 12:00:00",
    "startTime": "12:00",
    "originalName": "Test Addon",
    "customerName": "Test Addon",
    "serviceName": "Test Service",
    "cleanServiceName": "Test Service",
    "serviceCode": "T1",
    "category": "SINGLE",
    "duration": 60,
    "status": "等待中",
    "resourceId": "CHAIR-1-1",
    "allocated_resource": "CHAIR-1-1",
    "location": "CHAIR-1-1",
    "current_resource_id": "CHAIR-1-1",
    "staffId": "隨機",
    "pax": 1,
    "serviceStaff": "",
    "staffId2": "",
    "staffId3": "",
    "staffId4": "",
    "staffId5": "",
    "staffId6": "",
    "ServiceStaff": "",
    "technician": "",
    "requestedStaff": "",
    "id": "test-addon-toggle",
    "startTimeMins": 720,
    "displayStaff": "隨機",
    "isYouTui": false,
    "isGuaSha": false,
    "adminNote": "",
    "_needsAutoSyncDur": false,
    "price": 0,
    "phase1_duration": null,
    "phase2_duration": null,
    "flow": null,
    "phase1_res_idx": "CHAIR-1-1",
    "isManualLocked": false,
    "originalNote": "",
    "forceResourceType": null,
    "isForcedSingle": false,
    "isRunningStatus": false,
    "isDoneStatus": false,
    "storedLocation": "CHAIR-1-1",
    "standardDuration": 60,
    "isTimeAnomaly": false,
    "anomalyDiff": 0
  }
]
DEBUG API_BOOKING: {rowId: test-addon-toggle, date: 2026/07/27, startTimeString: 2026/07/27 12:00:00, startTime: 12:00, originalName: Test Addon}
DEBUG isWithin: test-addon-toggle 2026/07/27 12:00:00 2026-07-27 => true
DEBUG BOOKINGS: [Object]
"test-addon-toggle"
{
  "rowId": "test-addon-toggle",
  "date": "2026/07/27",
  "startTimeString": "2026/07/27 12:00:00",
  "startTime": "12:00",
  "originalName": "Test Addon",
  "customerName": "Test Addon",
  "serviceName": "Test Service",
  "cleanServiceName": "Test Service",
  "serviceCode": "T1",
  "category": "SINGLE",
  "duration": 60,
  "status": "等待中",
  "resourceId": "CHAIR-1-1",
  "allocated_resource": "CHAIR-1-1",
  "location": "CHAIR-1-1",
  "current_resource_id": "CHAIR-1-1",
  "staffId": "隨機",
  "pax": 1
}
[
  {
    "rowId": "test-addon-toggle",
    "date": "2026/07/27",
    "startTimeString": "2026/07/27 12:00:00",
    "startTime": "12:00",
    "originalName": "Test Addon",
    "customerName": "Test Addon",
    "serviceName": "Test Service",
    "cleanServiceName": "Test Service",
    "serviceCode": "T1",
    "category": "SINGLE",
    "duration": 60,
    "status": "等待中",
    "resourceId": "CHAIR-1-1",
    "allocated_resource": "CHAIR-1-1",
    "location": "CHAIR-1-1",
    "current_resource_id": "CHAIR-1-1",
    "staffId": "隨機",
    "pax": 1,
    "serviceStaff": "",
    "staffId2": "",
    "staffId3": "",
    "staffId4": "",
    "staffId5": "",
    "staffId6": "",
    "ServiceStaff": "",
    "technician": "",
    "requestedStaff": "",
    "id": "test-addon-toggle",
    "startTimeMins": 720,
    "displayStaff": "隨機",
    "isYouTui": false,
    "isGuaSha": false,
    "adminNote": "",
    "_needsAutoSyncDur": false,
    "price": 0,
    "phase1_duration": null,
    "phase2_duration": null,
    "flow": null,
    "phase1_res_idx": "CHAIR-1-1",
    "isManualLocked": false,
    "originalNote": "",
    "forceResourceType": null,
    "isForcedSingle": false,
    "isRunningStatus": false,
    "isDoneStatus": false,
    "storedLocation": "CHAIR-1-1",
    "standardDuration": 60,
    "isTimeAnomaly": false,
    "anomalyDiff": 0
  }
]
